// Vitest Snapshot v1, https://vitest.dev/guide/snapshot.html

exports[`Testing Snapshot 1`] = `
{
  "asFragment": [Function],
  "baseElement": <body>
    <div>
      <div
        style="position: fixed; z-index: 9999; top: 16px; left: 16px; right: 16px; bottom: 16px; pointer-events: none;"
      />
      <div
        class="bg-[#172842] min-h-screen py-8"
      >
        <div
          class="w-full max-w-2xl mx-auto shadow-md rounded-lg px-4 py-3 text-white"
        >
          <h1
            class="text-2xl font-bold text-center mb-8 mt-2"
          >
            Manage Your Todos In My Web
          </h1>
          <div
            class="mb-4"
          >
            <form
              class="flex"
            >
              <h1
                class="text-blue-400 text-3xl"
              />
              <label
                for="AddTodo"
              >
                Add Todo
              </label>
              <input
                class="w-full border border-black/10 rounded-l-lg px-3 outline-none duration-150 bg-white/20 py-1.5"
                id="AddTodo"
                placeholder="Write Todo..."
                type="text"
                value=""
              />
              <button
                class="rounded-r-lg px-3 py-1 bg-green-600 text-white shrink-0"
                type="submit"
              >
                Add
              </button>
              <button
                class="rounded-r-lg px-3 py-1 bg-green-600 text-white shrink-0"
                type=""
              >
                Edit
              </button>
            </form>
          </div>
          <div
            class="flex flex-wrap gap-y-3"
          >
            <p>
              Loading...
            </p>
          </div>
        </div>
      </div>
    </div>
  </body>,
  "container": <div>
    <div
      style="position: fixed; z-index: 9999; top: 16px; left: 16px; right: 16px; bottom: 16px; pointer-events: none;"
    />
    <div
      class="bg-[#172842] min-h-screen py-8"
    >
      <div
        class="w-full max-w-2xl mx-auto shadow-md rounded-lg px-4 py-3 text-white"
      >
        <h1
          class="text-2xl font-bold text-center mb-8 mt-2"
        >
          Manage Your Todos In My Web
        </h1>
        <div
          class="mb-4"
        >
          <form
            class="flex"
          >
            <h1
              class="text-blue-400 text-3xl"
            />
            <label
              for="AddTodo"
            >
              Add Todo
            </label>
            <input
              class="w-full border border-black/10 rounded-l-lg px-3 outline-none duration-150 bg-white/20 py-1.5"
              id="AddTodo"
              placeholder="Write Todo..."
              type="text"
              value=""
            />
            <button
              class="rounded-r-lg px-3 py-1 bg-green-600 text-white shrink-0"
              type="submit"
            >
              Add
            </button>
            <button
              class="rounded-r-lg px-3 py-1 bg-green-600 text-white shrink-0"
              type=""
            >
              Edit
            </button>
          </form>
        </div>
        <div
          class="flex flex-wrap gap-y-3"
        >
          <p>
            Loading...
          </p>
        </div>
      </div>
    </div>
  </div>,
  "debug": [Function],
  "findAllByAltText": [Function],
  "findAllByDisplayValue": [Function],
  "findAllByLabelText": [Function],
  "findAllByPlaceholderText": [Function],
  "findAllByRole": [Function],
  "findAllByTestId": [Function],
  "findAllByText": [Function],
  "findAllByTitle": [Function],
  "findByAltText": [Function],
  "findByDisplayValue": [Function],
  "findByLabelText": [Function],
  "findByPlaceholderText": [Function],
  "findByRole": [Function],
  "findByTestId": [Function],
  "findByText": [Function],
  "findByTitle": [Function],
  "getAllByAltText": [Function],
  "getAllByDisplayValue": [Function],
  "getAllByLabelText": [Function],
  "getAllByPlaceholderText": [Function],
  "getAllByRole": [Function],
  "getAllByTestId": [Function],
  "getAllByText": [Function],
  "getAllByTitle": [Function],
  "getByAltText": [Function],
  "getByDisplayValue": [Function],
  "getByLabelText": [Function],
  "getByPlaceholderText": [Function],
  "getByRole": [Function],
  "getByTestId": [Function],
  "getByText": [Function],
  "getByTitle": [Function],
  "queryAllByAltText": [Function],
  "queryAllByDisplayValue": [Function],
  "queryAllByLabelText": [Function],
  "queryAllByPlaceholderText": [Function],
  "queryAllByRole": [Function],
  "queryAllByTestId": [Function],
  "queryAllByText": [Function],
  "queryAllByTitle": [Function],
  "queryByAltText": [Function],
  "queryByDisplayValue": [Function],
  "queryByLabelText": [Function],
  "queryByPlaceholderText": [Function],
  "queryByRole": [Function],
  "queryByTestId": [Function],
  "queryByText": [Function],
  "queryByTitle": [Function],
  "rerender": [Function],
  "unmount": [Function],
}
`;
